// Jest Snapshot v1, https://goo.gl/fbAQLP

exports[`Image should render a responsive image 1`] = `
<img
  alt="Random photo from Unsplash.com"
  src="https://source.unsplash.com/random/800x500"
  style={
    Object {
      "height": "auto",
      "maxWidth": "100%",
    }
  }
/>
`;
