// Jest Snapshot v1, https://jestjs.io/docs/snapshot-testing

exports[`Table should render a table 1`] = `
<table>
  <tbody />
</table>
`;
